Testing Email Configuration...
Host: smtp.zoho.com
Port: 465
User: larpitaw445@zoho.com
node.exe : Error 
sending email: Error: 
Invalid login: 535 
Authentication Failed
At line:1 char:1
+ & "C:\Program Files\
nodejs/node.exe" "C:\U
sers\User\AppData\Roam
ing\n ...
+ ~~~~~~~~~~~~~~~~~~~~
~~~~~~~~~~~~~~~~~~~~~~
~~~~~~~~~~~~~~~~~~~~~~
~~~~~
    + CategoryInfo    
          : NotSpeci  
  fied: (Error send   
 ing e...tication     
Failed:String) []    
, RemoteException
    + FullyQualifiedE 
   rrorId : NativeCo  
  mmandError
 
    at SMTPConnection.
_formatError (C:\Users
\User\Downloads\kyatfl
ow-mobile-\backend\nod
e_modules\nodemailer\l
ib\smtp-connection\ind
ex.js:912:19)
    at SMTPConnection.
_actionAUTHComplete (C
:\Users\User\Downloads
\kyatflow-mobile-\back
end\node_modules\nodem
ailer\lib\smtp-connect
ion\index.js:1722:34)
    at SMTPConnection.
<anonymous> (C:\Users\
User\Downloads\kyatflo
w-mobile-\backend\node
_modules\nodemailer\li
b\smtp-connection\inde
x.js:651:26)
    at SMTPConnection.
_processResponse (C:\U
sers\User\Downloads\ky
atflow-mobile-\backend
\node_modules\nodemail
er\lib\smtp-connection
\index.js:1098:20)
    at SMTPConnection.
_onData (C:\Users\User
\Downloads\kyatflow-mo
bile-\backend\node_mod
ules\nodemailer\lib\sm
tp-connection\index.js
:872:14)
    at SMTPConnection.
_onSocketData (C:\User
s\User\Downloads\kyatf
low-mobile-\backend\no
de_modules\nodemailer\
lib\smtp-connection\in
dex.js:196:44)
    at TLSSocket.emit 
(node:events:508:28)
    at addChunk (node:
internal/streams/reada
ble:559:12)
    at readableAddChun
kPushByteMode (node:in
ternal/streams/readabl
e:510:3)
    at Readable.push (
node:internal/streams/
readable:390:5) {
  code: 'EAUTH',
  response: '535 
Authentication 
Failed',
  responseCode: 535,
  command: 'AUTH 
PLAIN'
}
Email configuration is INVALID.
